     1                                  bits 32         ; Assembling for the 32-bit architecture
     2                                  global start    ; Declare the 'start' label as the entry point of the program
     3                                  
     4                                  extern exit     ; Inform the assembler that the 'exit' symbol is external (defined in an external library)
     5                                  import exit msvcrt.dll  ; Specify that 'exit' is defined in the msvcrt.dll library
     6                                  
     7                                  section .data   ; Data section
     8 00000000 02                          a db 2 
     9 00000001 03                          b db 3 
    10 00000002 0A                          c db 10
    11 00000003 05                          d db 5
    12 00000004 00                          result db 0
    13                                      
    14                                  section .text   ; Code section ;Am avut de rezolvat:(a+a)-(c+b+d) (ex20)
    15                                  start:
    16 00000000 A0[00000000]                mov AL, [a]
    17 00000005 8A1D[01000000]              mov BL, [b]
    18 0000000B 8A0D[02000000]              mov CL, [c] 
    19 00000011 8A15[03000000]              mov DL, [d]
    20                                      
    21                                      
    22 00000017 00D9                        add CL, BL; c + b
    23 00000019 00D1                        add CL, DL; c + b + d
    24 0000001B 00C0                        add AL, AL; a + a
    25 0000001D 28C8                        sub AL, CL; (a+a)-(c+b+d)
    26                                      
    27 0000001F A2[04000000]                 mov [result], AL;
    28                                      
    29                                      
    30                                      ; Call 'exit(0)' to end the program (0 represents a success status)
    31 00000024 6A00                        push dword 0  ; Push the parameter (status code) onto the stack
    32 00000026 FF15[00000000]              call [exit]   ; Call the 'exit' function to exit the program
    33                                      
